src/features/budgets/views/budgets-view.tsx(96,46): error TS2345: Argument of type 'string | undefined' is not assignable to parameter of type 'string'.
  Type 'undefined' is not assignable to type 'string'.
src/features/categories/views/categories-view.tsx(54,16): error TS2551: Property 'currency_code' does not exist on type 'Transaction'. Did you mean 'currency_id'?
src/features/dashboard/components/recent-transactions.tsx(57,53): error TS2345: Argument of type 'string | undefined' is not assignable to parameter of type 'string'.
  Type 'undefined' is not assignable to type 'string'.
src/lib/mock-data.ts(16,3): error TS2741: Property 'group_name' is missing in type '{ id: string; name: string; type: "expense"; icon: string; color: string; is_default: true; created_at: string; }' but required in type 'Category'.
src/lib/mock-data.ts(17,3): error TS2741: Property 'group_name' is missing in type '{ id: string; name: string; type: "expense"; icon: string; color: string; is_default: true; created_at: string; }' but required in type 'Category'.
src/lib/mock-data.ts(18,3): error TS2741: Property 'group_name' is missing in type '{ id: string; name: string; type: "expense"; icon: string; color: string; is_default: true; created_at: string; }' but required in type 'Category'.
src/lib/mock-data.ts(19,3): error TS2741: Property 'group_name' is missing in type '{ id: string; name: string; type: "expense"; icon: string; color: string; is_default: true; created_at: string; }' but required in type 'Category'.
src/lib/mock-data.ts(20,3): error TS2741: Property 'group_name' is missing in type '{ id: string; name: string; type: "expense"; icon: string; color: string; is_default: true; created_at: string; }' but required in type 'Category'.
src/lib/mock-data.ts(21,3): error TS2741: Property 'group_name' is missing in type '{ id: string; name: string; type: "expense"; icon: string; color: string; is_default: true; created_at: string; }' but required in type 'Category'.
src/lib/mock-data.ts(22,3): error TS2741: Property 'group_name' is missing in type '{ id: string; name: string; type: "expense"; icon: string; color: string; is_default: true; created_at: string; }' but required in type 'Category'.
src/lib/mock-data.ts(23,3): error TS2741: Property 'group_name' is missing in type '{ id: string; name: string; type: "expense"; icon: string; color: string; is_default: true; created_at: string; }' but required in type 'Category'.
src/lib/mock-data.ts(24,3): error TS2741: Property 'group_name' is missing in type '{ id: string; name: string; type: "expense"; icon: string; color: string; is_default: true; created_at: string; }' but required in type 'Category'.
src/lib/mock-data.ts(25,3): error TS2741: Property 'group_name' is missing in type '{ id: string; name: string; type: "expense"; icon: string; color: string; is_default: true; created_at: string; }' but required in type 'Category'.
src/lib/mock-data.ts(27,3): error TS2741: Property 'group_name' is missing in type '{ id: string; name: string; type: "income"; icon: string; color: string; is_default: true; created_at: string; }' but required in type 'Category'.
src/lib/mock-data.ts(28,3): error TS2741: Property 'group_name' is missing in type '{ id: string; name: string; type: "income"; icon: string; color: string; is_default: true; created_at: string; }' but required in type 'Category'.
src/lib/mock-data.ts(29,3): error TS2741: Property 'group_name' is missing in type '{ id: string; name: string; type: "income"; icon: string; color: string; is_default: true; created_at: string; }' but required in type 'Category'.
src/lib/mock-data.ts(30,3): error TS2741: Property 'group_name' is missing in type '{ id: string; name: string; type: "income"; icon: string; color: string; is_default: true; created_at: string; }' but required in type 'Category'.
src/lib/mock-data.ts(31,3): error TS2741: Property 'group_name' is missing in type '{ id: string; name: string; type: "income"; icon: string; color: string; is_default: true; created_at: string; }' but required in type 'Category'.
src/lib/mock-data.ts(37,3): error TS2741: Property 'initial_balance' is missing in type '{ id: string; name: string; type: "cash"; currency_id: string; balance: number; color: string; icon: string; created_at: string; }' but required in type 'Account'.
src/lib/mock-data.ts(38,3): error TS2741: Property 'initial_balance' is missing in type '{ id: string; name: string; type: "bank"; currency_id: string; balance: number; color: string; icon: string; created_at: string; }' but required in type 'Account'.
src/lib/mock-data.ts(39,3): error TS2741: Property 'initial_balance' is missing in type '{ id: string; name: string; type: "bank"; currency_id: string; balance: number; color: string; icon: string; created_at: string; }' but required in type 'Account'.
src/lib/mock-data.ts(40,3): error TS2741: Property 'initial_balance' is missing in type '{ id: string; name: string; type: "digital"; currency_id: string; balance: number; color: string; icon: string; created_at: string; }' but required in type 'Account'.
